{"kind": "atom", "host": "github.com", "status": 200, "source": "feed", "t": 1789490750.004275}
{"kind": "atom", "host": "github.com", "status": 200, "source": "feed", "t": 1789490779.265474}
{"kind": "manifest", "host": "github.com", "status": 200, "accept": "application/octet-stream", "t": 1789490779.5127792}
{"kind": "atom", "host": "github.com", "status": 200, "source": "feed", "t": 1789490815.1286187}
{"kind": "manifest", "host": "github.com", "status": 200, "accept": "application/octet-stream", "t": 1789490815.2771957}
{"kind": "atom", "host": "github.com", "status": 200, "source": "feed", "t": 1789490817.6540165}
{"kind": "manifest", "host": "github.com", "status": 200, "accept": "application/octet-stream", "t": 1789490817.804482}
{"kind": "download", "host": "github.com", "mode": "corrupt", "bytes": 46745682, "sha256": "a87c505b2bc59df775febac1b0e8c8dd4a56a940b78aa5199a7237641265da0a", "t": 1789490818.0383208}
{"kind": "atom", "host": "github.com", "status": 200, "source": "feed", "t": 1789490873.646058}
{"kind": "manifest", "host": "github.com", "status": 200, "accept": "application/octet-stream", "t": 1789490873.8386276}
{"kind": "atom", "host": "github.com", "status": 200, "source": "feed", "t": 1789490879.4199636}
{"kind": "manifest", "host": "github.com", "status": 200, "accept": "application/octet-stream", "t": 1789490879.5617187}
{"kind": "download", "host": "github.com", "mode": "normal", "bytes": 46745682, "sha256": "a60b804be0f943db7119f33c546b46620ae0869d538499b9e5cb379b5d36c6cf", "t": 1789490879.7945697}
{"kind": "atom", "host": "github.com", "status": 200, "source": "feed", "t": 1789491025.4004884}
{"kind": "manifest", "host": "github.com", "status": 200, "accept": "application/octet-stream", "t": 1789491025.5685005}
{"kind": "atom", "host": "github.com", "status": 200, "source": "feed", "t": 1789491031.498438}
{"kind": "manifest", "host": "github.com", "status": 200, "accept": "application/octet-stream", "t": 1789491031.6482437}
{"kind": "download", "host": "github.com", "mode": "normal", "bytes": 46745682, "sha256": "a60b804be0f943db7119f33c546b46620ae0869d538499b9e5cb379b5d36c6cf", "t": 1789491031.916422}
{"kind": "atom", "host": "github.com", "status": 200, "source": "feed", "t": 1789491070.6571822}
{"kind": "manifest", "host": "github.com", "status": 200, "accept": "application/octet-stream", "t": 1789491070.8232288}
{"kind": "atom", "host": "github.com", "status": 200, "source": "feed", "t": 1789491115.5819116}
{"kind": "manifest", "host": "github.com", "status": 200, "accept": "application/octet-stream", "t": 1789491115.768966}
{"kind": "atom", "host": "github.com", "status": 200, "source": "feed", "t": 1789491122.2360983}
{"kind": "manifest", "host": "github.com", "status": 200, "accept": "application/octet-stream", "t": 1789491122.3863056}
{"kind": "download", "host": "github.com", "mode": "normal", "bytes": 46745682, "sha256": "a60b804be0f943db7119f33c546b46620ae0869d538499b9e5cb379b5d36c6cf", "t": 1789491122.596235}
{"kind": "atom", "host": "github.com", "status": 200, "source": "feed", "t": 1789491155.1936283}
{"kind": "manifest", "host": "github.com", "status": 200, "accept": "application/octet-stream", "t": 1789491155.3584342}
{"kind": "atom", "host": "github.com", "status": 200, "source": "feed", "t": 1789491279.9953024}
{"kind": "manifest", "host": "github.com", "status": 200, "accept": "application/octet-stream", "t": 1789491280.1955302}
{"kind": "atom", "host": "github.com", "status": 200, "source": "feed", "t": 1789491320.588297}
{"kind": "manifest", "host": "github.com", "status": 200, "accept": "application/octet-stream", "t": 1789491320.80704}
{"kind": "download", "host": "github.com", "mode": "normal", "bytes": 46745682, "sha256": "a60b804be0f943db7119f33c546b46620ae0869d538499b9e5cb379b5d36c6cf", "t": 1789491321.0256405}
{"kind": "atom", "host": "github.com", "status": 200, "source": "feed", "t": 1789491355.9265454}
{"kind": "atom", "host": "github.com", "status": 503, "source": "api", "t": 1789491417.3320756}
{"kind": "releases", "host": "api.github.com", "path": "/repos/SunJ1ayu/OpenDesign/releases?per_page=100", "status": 200, "source": "api", "t": 1789491417.6045198}
{"kind": "download", "host": "github.com", "mode": "normal", "bytes": 46745682, "sha256": "a60b804be0f943db7119f33c546b46620ae0869d538499b9e5cb379b5d36c6cf", "t": 1789491418.0630908}
{"kind": "atom", "host": "github.com", "status": 503, "source": "api", "t": 1789491452.3456602}
{"kind": "releases", "host": "api.github.com", "path": "/repos/SunJ1ayu/OpenDesign/releases?per_page=100", "status": 200, "source": "api", "t": 1789491452.621624}
{"kind": "atom", "host": "github.com", "status": 200, "source": "feed", "t": 1789491511.8244607}
{"kind": "manifest", "host": "github.com", "status": 200, "accept": "application/octet-stream", "t": 1789491512.1588917}
{"kind": "atom", "host": "github.com", "status": 200, "source": "feed", "t": 1789491512.1639633}
{"kind": "manifest", "host": "github.com", "status": 200, "accept": "application/octet-stream", "t": 1789491512.3316348}
{"kind": "download", "host": "github.com", "mode": "normal", "bytes": 46745682, "sha256": "a60b804be0f943db7119f33c546b46620ae0869d538499b9e5cb379b5d36c6cf", "t": 1789491512.5409782}
{"kind": "atom", "host": "github.com", "status": 200, "source": "feed", "t": 1789491542.2749736}
{"kind": "atom", "host": "github.com", "status": 200, "source": "feed", "t": 1789491610.1729517}
{"kind": "manifest", "host": "github.com", "status": 200, "accept": "application/octet-stream", "t": 1789491610.351137}
