{"kind": "atom", "host": "github.com", "status": 200, "source": "feed", "t": 1789526452.0415204}
{"kind": "atom", "host": "github.com", "status": 200, "source": "feed", "t": 1789526496.4230115}
{"kind": "manifest", "host": "github.com", "status": 200, "accept": "application/octet-stream", "t": 1789526496.5832481}
{"kind": "atom", "host": "github.com", "status": 200, "source": "feed", "t": 1789526543.8135812}
{"kind": "manifest", "host": "github.com", "status": 200, "accept": "application/octet-stream", "t": 1789526543.9499552}
{"kind": "download", "host": "github.com", "mode": "corrupt", "bytes": 46760195, "sha256": "7a07ec0ef842384fd0ae2525b5bdd4c040483e1f49e1326817a970edbc122cfb", "t": 1789526544.1897426}
{"kind": "atom", "host": "github.com", "status": 200, "source": "feed", "t": 1789526618.8781002}
{"kind": "manifest", "host": "github.com", "status": 200, "accept": "application/octet-stream", "t": 1789526619.0191667}
{"kind": "atom", "host": "github.com", "status": 200, "source": "feed", "t": 1789526623.6383798}
{"kind": "manifest", "host": "github.com", "status": 200, "accept": "application/octet-stream", "t": 1789526623.7763233}
{"kind": "download", "host": "github.com", "mode": "normal", "bytes": 46760195, "sha256": "0a6f71c09baf018c51dab65df87aa07708cd9cb396131c0a2dcd1856b2abc40c", "t": 1789526623.9773803}
{"kind": "atom", "host": "github.com", "status": 200, "source": "feed", "t": 1789526776.819391}
{"kind": "manifest", "host": "github.com", "status": 200, "accept": "application/octet-stream", "t": 1789526776.9603167}
{"kind": "atom", "host": "github.com", "status": 200, "source": "feed", "t": 1789526781.8890216}
{"kind": "manifest", "host": "github.com", "status": 200, "accept": "application/octet-stream", "t": 1789526782.024933}
{"kind": "download", "host": "github.com", "mode": "normal", "bytes": 46760195, "sha256": "0a6f71c09baf018c51dab65df87aa07708cd9cb396131c0a2dcd1856b2abc40c", "t": 1789526782.7970488}
{"kind": "atom", "host": "github.com", "status": 200, "source": "feed", "t": 1789527016.2152932}
{"kind": "manifest", "host": "github.com", "status": 200, "accept": "application/octet-stream", "t": 1789527016.3974943}
{"kind": "atom", "host": "github.com", "status": 200, "source": "feed", "t": 1789527091.5395124}
{"kind": "manifest", "host": "github.com", "status": 200, "accept": "application/octet-stream", "t": 1789527091.6723018}
{"kind": "atom", "host": "github.com", "status": 200, "source": "feed", "t": 1789527094.5948136}
{"kind": "manifest", "host": "github.com", "status": 200, "accept": "application/octet-stream", "t": 1789527094.7494917}
{"kind": "download", "host": "github.com", "mode": "normal", "bytes": 46760195, "sha256": "0a6f71c09baf018c51dab65df87aa07708cd9cb396131c0a2dcd1856b2abc40c", "t": 1789527094.9617412}
{"kind": "atom", "host": "github.com", "status": 200, "source": "feed", "t": 1789527126.7658565}
{"kind": "manifest", "host": "github.com", "status": 200, "accept": "application/octet-stream", "t": 1789527126.9175732}
{"kind": "atom", "host": "github.com", "status": 200, "source": "feed", "t": 1789527256.0931792}
{"kind": "manifest", "host": "github.com", "status": 200, "accept": "application/octet-stream", "t": 1789527256.2416937}
{"kind": "atom", "host": "github.com", "status": 200, "source": "feed", "t": 1789527340.730177}
{"kind": "manifest", "host": "github.com", "status": 200, "accept": "application/octet-stream", "t": 1789527340.8755612}
{"kind": "download", "host": "github.com", "mode": "normal", "bytes": 46760195, "sha256": "0a6f71c09baf018c51dab65df87aa07708cd9cb396131c0a2dcd1856b2abc40c", "t": 1789527341.0647144}
{"kind": "atom", "host": "github.com", "status": 200, "source": "feed", "t": 1789527371.302814}
{"kind": "atom", "host": "github.com", "status": 503, "source": "api", "t": 1789527475.7613852}
{"kind": "releases", "host": "api.github.com", "path": "/repos/SunJ1ayu/OpenDesign/releases?per_page=100", "status": 200, "source": "api", "t": 1789527475.8888555}
{"kind": "download", "host": "github.com", "mode": "normal", "bytes": 46760195, "sha256": "0a6f71c09baf018c51dab65df87aa07708cd9cb396131c0a2dcd1856b2abc40c", "t": 1789527476.109006}
{"kind": "atom", "host": "github.com", "status": 503, "source": "api", "t": 1789527529.9852974}
{"kind": "releases", "host": "api.github.com", "path": "/repos/SunJ1ayu/OpenDesign/releases?per_page=100", "status": 200, "source": "api", "t": 1789527530.143178}
{"kind": "atom", "host": "github.com", "status": 200, "source": "feed", "t": 1789527614.3508396}
{"kind": "manifest", "host": "github.com", "status": 200, "accept": "application/octet-stream", "t": 1789527614.671293}
{"kind": "atom", "host": "github.com", "status": 200, "source": "feed", "t": 1789527614.6888251}
{"kind": "manifest", "host": "github.com", "status": 200, "accept": "application/octet-stream", "t": 1789527614.8247166}
{"kind": "download", "host": "github.com", "mode": "normal", "bytes": 46760195, "sha256": "0a6f71c09baf018c51dab65df87aa07708cd9cb396131c0a2dcd1856b2abc40c", "t": 1789527615.0160584}
{"kind": "atom", "host": "github.com", "status": 200, "source": "feed", "t": 1789527679.9155445}
{"kind": "atom", "host": "github.com", "status": 200, "source": "feed", "t": 1789527770.2457864}
{"kind": "manifest", "host": "github.com", "status": 200, "accept": "application/octet-stream", "t": 1789527770.4015307}
