{"kind": "atom", "host": "github.com", "status": 200, "source": "feed", "t": 1789486321.0685532}
{"kind": "atom", "host": "github.com", "status": 200, "source": "feed", "t": 1789486353.3313942}
{"kind": "manifest", "host": "github.com", "status": 200, "accept": "application/octet-stream", "t": 1789486353.7199254}
{"kind": "atom", "host": "github.com", "status": 200, "source": "feed", "t": 1789486390.5131943}
{"kind": "manifest", "host": "github.com", "status": 200, "accept": "application/octet-stream", "t": 1789486390.680399}
{"kind": "atom", "host": "github.com", "status": 200, "source": "feed", "t": 1789486393.4324238}
{"kind": "manifest", "host": "github.com", "status": 200, "accept": "application/octet-stream", "t": 1789486393.6197615}
{"kind": "download", "host": "github.com", "mode": "corrupt", "bytes": 46747492, "sha256": "7d341aa4d27e6650e8fa51500e489cf055323f69c89895c513f5e8b3bd9734c3", "t": 1789486393.9050937}
{"kind": "atom", "host": "github.com", "status": 200, "source": "feed", "t": 1789486438.690235}
{"kind": "manifest", "host": "github.com", "status": 200, "accept": "application/octet-stream", "t": 1789486438.8830671}
{"kind": "atom", "host": "github.com", "status": 200, "source": "feed", "t": 1789486446.103042}
{"kind": "manifest", "host": "github.com", "status": 200, "accept": "application/octet-stream", "t": 1789486446.2711496}
{"kind": "download", "host": "github.com", "mode": "normal", "bytes": 46747492, "sha256": "86952f41b2462fb9283678112356714dcc7be09265bac4cdf33ed904c4170b9c", "t": 1789486446.5129206}
{"kind": "atom", "host": "github.com", "status": 200, "source": "feed", "t": 1789486585.1478336}
{"kind": "manifest", "host": "github.com", "status": 200, "accept": "application/octet-stream", "t": 1789486585.3439274}
{"kind": "atom", "host": "github.com", "status": 200, "source": "feed", "t": 1789486592.882717}
{"kind": "manifest", "host": "github.com", "status": 200, "accept": "application/octet-stream", "t": 1789486593.0409842}
{"kind": "download", "host": "github.com", "mode": "normal", "bytes": 46747492, "sha256": "86952f41b2462fb9283678112356714dcc7be09265bac4cdf33ed904c4170b9c", "t": 1789486593.310083}
{"kind": "atom", "host": "github.com", "status": 200, "source": "feed", "t": 1789486622.3937645}
{"kind": "manifest", "host": "github.com", "status": 200, "accept": "application/octet-stream", "t": 1789486622.595195}
{"kind": "atom", "host": "github.com", "status": 200, "source": "feed", "t": 1789486663.9063222}
{"kind": "manifest", "host": "github.com", "status": 200, "accept": "application/octet-stream", "t": 1789486664.0588539}
{"kind": "atom", "host": "github.com", "status": 200, "source": "feed", "t": 1789486670.7675567}
{"kind": "manifest", "host": "github.com", "status": 200, "accept": "application/octet-stream", "t": 1789486670.9260356}
{"kind": "download", "host": "github.com", "mode": "normal", "bytes": 46747492, "sha256": "86952f41b2462fb9283678112356714dcc7be09265bac4cdf33ed904c4170b9c", "t": 1789486671.1726487}
{"kind": "atom", "host": "github.com", "status": 200, "source": "feed", "t": 1789486712.1875386}
{"kind": "manifest", "host": "github.com", "status": 200, "accept": "application/octet-stream", "t": 1789486712.3662064}
{"kind": "atom", "host": "github.com", "status": 200, "source": "feed", "t": 1789486836.3208346}
{"kind": "manifest", "host": "github.com", "status": 200, "accept": "application/octet-stream", "t": 1789486836.5123644}
{"kind": "atom", "host": "github.com", "status": 200, "source": "feed", "t": 1789486913.5362961}
{"kind": "manifest", "host": "github.com", "status": 200, "accept": "application/octet-stream", "t": 1789486913.7234304}
{"kind": "download", "host": "github.com", "mode": "normal", "bytes": 46747492, "sha256": "86952f41b2462fb9283678112356714dcc7be09265bac4cdf33ed904c4170b9c", "t": 1789486913.95462}
{"kind": "atom", "host": "github.com", "status": 200, "source": "feed", "t": 1789486944.0435524}
{"kind": "atom", "host": "github.com", "status": 503, "source": "api", "t": 1789487003.3909774}
{"kind": "releases", "host": "api.github.com", "path": "/repos/SunJ1ayu/OpenDesign/releases?per_page=100", "status": 200, "source": "api", "t": 1789487003.564649}
{"kind": "download", "host": "github.com", "mode": "normal", "bytes": 46747492, "sha256": "86952f41b2462fb9283678112356714dcc7be09265bac4cdf33ed904c4170b9c", "t": 1789487003.7973146}
{"kind": "atom", "host": "github.com", "status": 503, "source": "api", "t": 1789487044.165028}
{"kind": "releases", "host": "api.github.com", "path": "/repos/SunJ1ayu/OpenDesign/releases?per_page=100", "status": 200, "source": "api", "t": 1789487044.3265772}
{"kind": "atom", "host": "github.com", "status": 200, "source": "feed", "t": 1789487103.5613241}
{"kind": "manifest", "host": "github.com", "status": 200, "accept": "application/octet-stream", "t": 1789487103.7298265}
{"kind": "atom", "host": "github.com", "status": 200, "source": "feed", "t": 1789487104.0454645}
{"kind": "manifest", "host": "github.com", "status": 200, "accept": "application/octet-stream", "t": 1789487104.1965394}
{"kind": "download", "host": "github.com", "mode": "normal", "bytes": 46747492, "sha256": "86952f41b2462fb9283678112356714dcc7be09265bac4cdf33ed904c4170b9c", "t": 1789487104.431835}
{"kind": "atom", "host": "github.com", "status": 200, "source": "feed", "t": 1789487135.0994272}
{"kind": "atom", "host": "github.com", "status": 200, "source": "feed", "t": 1789487199.1251996}
{"kind": "manifest", "host": "github.com", "status": 200, "accept": "application/octet-stream", "t": 1789487199.306374}
